botopink-snap 1
test: nav: a sidebar row is a link with the two default attributes
subject: html

<nav class="sidebar">
<ul>
<li>
<a href="/docs/api" data-jh-l="1" class="row active">API</a>
</li>
<li>
<a href="/docs/guides" data-jh-l="1" class="row">Guides</a>
</li>
<li>
<a href="/docs/faq" data-jh-l="1" class="row">FAQ</a>
</li>
</ul>
</nav>
