botopink-snap 1
test: nav: the index switches prefetch off for its rows and leaves the header on
subject: html

<div class="index">
<nav>
<a href="/" data-jh-l="1">Home</a>
<a href="/docs" data-jh-l="1">Docs</a>
</nav>
<ul class="archive">
<li>
<a href="/docs/a" data-jh-l="1" data-jh-prefetch="0">Alpha</a>
</li>
<li>
<a href="/docs/b" data-jh-l="1" data-jh-prefetch="0">Beta</a>
</li>
</ul>
</div>
