botopink-snap 1
test: stream: shell then one fill
subject: stream

--- chunk 0 (shell)
<div class="page"><header>botopink</header><h1>Blog</h1><section class="main"><div data-jh-h="h1"><div class="skeleton">Loading posts…</div></div></section></div>
--- chunk 1
<template data-jh-f="h1"><ul class="posts"><li>one</li><li>two</li></ul></template><script>__bp1("h1")</script>
