botopink-snap 1
test: forms: create post ---- empty
subject: form

<form method="post" action="/blog/new" data-jh-a="a_9f31c0d7a4b2e5081c6fa3d2">
<input type="hidden" name="__bp_action" value="a_9f31c0d7a4b2e5081c6fa3d2">
</input>
<label for="title">Title</label>
<input id="title" name="title" required="required">
</input>
<label for="content">Content</label>
<input id="content" name="content" required="required">
</input>
<button type="submit">Create post</button>
</form>
