botopink-snap 1
test: forms: like widget ---- optimistic count with a busy nested button
subject: form

<form method="post" action="/blog/hello" data-jh-a="a_9f31c0d7a4b2e5081c6fa3d2">
<input type="hidden" name="__bp_action" value="a_9f31c0d7a4b2e5081c6fa3d2">
</input>
<span class="count">43</span>
<button type="submit" disabled="disabled">♥</button>
</form>
