botopink-snap 1
test: forms: search form and the URL a plain GET produces
subject: text

<form method="get" action="/search" data-jh-sf="1"><input name="q"></input><select name="sort"><option value="new">Newest</option><option value="top">Top</option></select><button type="submit">Search</button></form>
/search?q=botopink%20lang&sort=new
