botopink-snap 1
test: blog: global error owns its document
subject: html

<html lang="en">
<head>
<title>Something went wrong</title>
</head>
<body>
<main class="global-error">
<h1>Something went wrong</h1>
<p>Reference: a3f19c2b</p>
<button data-jh-reset="root">Reload</button>
</main>
</body>
</html>
