botopink-snap 1
test: blog: metadata ---- post merged onto the root layout
subject: metadata

<title>Hello | botopink blog</title>
<meta name="description" content="The first post, with a &lt;tag&gt; in it.">
<meta property="og:title" content="Hello">
<meta property="og:url" content="https://blog.botopink.dev/blog/hello">
<meta property="og:type" content="article">
<meta property="og:site_name" content="botopink blog">
<meta property="og:image" content="/og/hello.png">
<meta name="twitter:card" content="summary_large_image">
<link rel="icon" href="/favicon.ico">
