botopink-snap 1
test: blog: streamed ---- shell with the loading boundary then the page
subject: stream

--- chunk 0 (shell)
<div data-jh-h="h0"><div class="loading"><span class="spinner">Loading post…</span></div></div>
--- chunk 1
<template data-jh-f="h0"><article data-post="p-hello"><h1>Hello</h1><p>The first post, with a &lt;tag&gt; in it.</p><section class="comments"><h2>Comments</h2><ul><li><span class="author">ana</span>welcome</li><li><span class="author">bob</span>&lt;3</li></ul></section></article></template><script>__bp1("h0")</script>
