botopink-snap 1
test: blog: the root layout wraps the page and the nav marks the section
subject: text

<div class="site">
<header class="site-header">
<nav>
<a href="/" class="nav">Home</a>
<a href="/blog" class="nav active">Blog</a>
<a href="/docs" class="nav">Docs</a>
</nav>
</header>
<main>
<article data-post="p-hello">
<h1>Hello</h1>
<p>The first post, with a &lt;tag&gt; in it.</p>
<section class="comments">
<h2>Comments</h2>
<ul>
<li>
<span class="author">ana</span>welcome</li>
<li>
<span class="author">bob</span>&lt;3</li>
</ul>
</section>
</article>
</main>
</div>
