botopink-snap 1
test: blog: the post page ---- hello
subject: text

<article data-post="p-hello"><h1>Hello</h1><p>The first post, with a &lt;tag&gt; in it.</p><section class="comments"><h2>Comments</h2><ul><li><span class="author">ana</span>welcome</li><li><span class="author">bob</span>&lt;3</li></ul></section></article>
